
Discarded input sections

 .group         0x00000000        0xc binaries/main.o
 .group         0x00000000        0xc binaries/main.o
 .group         0x00000000        0xc binaries/main.o
 .group         0x00000000        0xc binaries/main.o
 .group         0x00000000        0xc binaries/main.o
 .group         0x00000000        0xc binaries/main.o
 .group         0x00000000        0xc binaries/main.o
 .group         0x00000000        0xc binaries/main.o
 .group         0x00000000        0xc binaries/main.o
 .group         0x00000000        0xc binaries/main.o
 .group         0x00000000        0xc binaries/main.o
 .group         0x00000000        0xc binaries/main.o
 .group         0x00000000        0xc binaries/main.o
 .group         0x00000000        0xc binaries/main.o
 .group         0x00000000        0xc binaries/main.o
 .group         0x00000000        0xc binaries/main.o
 .group         0x00000000        0xc binaries/main.o
 .group         0x00000000        0xc binaries/main.o
 .group         0x00000000        0xc binaries/main.o
 .group         0x00000000        0xc binaries/main.o
 .group         0x00000000        0xc binaries/main.o
 .group         0x00000000        0xc binaries/main.o
 .group         0x00000000        0xc binaries/main.o
 .group         0x00000000        0xc binaries/main.o
 .group         0x00000000        0xc binaries/main.o
 .group         0x00000000        0xc binaries/main.o
 .group         0x00000000        0xc binaries/main.o
 .group         0x00000000        0xc binaries/main.o
 .group         0x00000000        0xc binaries/main.o
 .group         0x00000000        0xc binaries/main.o
 .data          0x00000000        0x0 binaries/main.o
 .comment       0x00000000       0x46 binaries/main.o
 .ARM.attributes
                0x00000000       0x34 binaries/main.o
 .group         0x00000000        0xc binaries/neo_threads.o
 .group         0x00000000        0xc binaries/neo_threads.o
 .group         0x00000000        0xc binaries/neo_threads.o
 .group         0x00000000        0xc binaries/neo_threads.o
 .group         0x00000000        0xc binaries/neo_threads.o
 .group         0x00000000        0xc binaries/neo_threads.o
 .group         0x00000000        0xc binaries/neo_threads.o
 .group         0x00000000        0xc binaries/neo_threads.o
 .group         0x00000000        0xc binaries/neo_threads.o
 .data          0x00000000        0x0 binaries/neo_threads.o
 .debug_macro   0x00000000      0xad2 binaries/neo_threads.o
 .debug_macro   0x00000000       0x22 binaries/neo_threads.o
 .debug_macro   0x00000000       0x56 binaries/neo_threads.o
 .debug_macro   0x00000000       0x51 binaries/neo_threads.o
 .debug_macro   0x00000000      0x103 binaries/neo_threads.o
 .debug_macro   0x00000000       0x6a binaries/neo_threads.o
 .debug_macro   0x00000000      0x1df binaries/neo_threads.o
 .debug_macro   0x00000000       0x22 binaries/neo_threads.o
 .debug_macro   0x00000000       0x16 binaries/neo_threads.o
 .comment       0x00000000       0x46 binaries/neo_threads.o
 .ARM.attributes
                0x00000000       0x34 binaries/neo_threads.o
 .group         0x00000000        0xc binaries/startup.o
 .group         0x00000000        0xc binaries/startup.o
 .group         0x00000000        0xc binaries/startup.o
 .group         0x00000000        0xc binaries/startup.o
 .group         0x00000000        0xc binaries/startup.o
 .group         0x00000000        0xc binaries/startup.o
 .group         0x00000000        0xc binaries/startup.o
 .group         0x00000000        0xc binaries/startup.o
 .group         0x00000000        0xc binaries/startup.o
 .group         0x00000000        0xc binaries/startup.o
 .group         0x00000000        0xc binaries/startup.o
 .group         0x00000000        0xc binaries/startup.o
 .group         0x00000000        0xc binaries/startup.o
 .data          0x00000000        0x0 binaries/startup.o
 .bss           0x00000000        0x0 binaries/startup.o
 .debug_macro   0x00000000      0xad2 binaries/startup.o
 .debug_macro   0x00000000       0x22 binaries/startup.o
 .debug_macro   0x00000000       0x56 binaries/startup.o
 .debug_macro   0x00000000       0x51 binaries/startup.o
 .debug_macro   0x00000000      0x103 binaries/startup.o
 .debug_macro   0x00000000       0x6a binaries/startup.o
 .debug_macro   0x00000000      0x1df binaries/startup.o
 .debug_macro   0x00000000     0xb896 binaries/startup.o
 .debug_macro   0x00000000       0x1c binaries/startup.o
 .debug_macro   0x00000000       0x22 binaries/startup.o
 .debug_macro   0x00000000       0xd9 binaries/startup.o
 .debug_macro   0x00000000     0x102d binaries/startup.o
 .debug_macro   0x00000000      0x11f binaries/startup.o
 .comment       0x00000000       0x46 binaries/startup.o
 .ARM.attributes
                0x00000000       0x34 binaries/startup.o
 .group         0x00000000        0xc binaries/system_core.o
 .group         0x00000000        0xc binaries/system_core.o
 .group         0x00000000        0xc binaries/system_core.o
 .group         0x00000000        0xc binaries/system_core.o
 .group         0x00000000        0xc binaries/system_core.o
 .group         0x00000000        0xc binaries/system_core.o
 .group         0x00000000        0xc binaries/system_core.o
 .group         0x00000000        0xc binaries/system_core.o
 .group         0x00000000        0xc binaries/system_core.o
 .group         0x00000000        0xc binaries/system_core.o
 .group         0x00000000        0xc binaries/system_core.o
 .group         0x00000000        0xc binaries/system_core.o
 .group         0x00000000        0xc binaries/system_core.o
 .group         0x00000000        0xc binaries/system_core.o
 .group         0x00000000        0xc binaries/system_core.o
 .data          0x00000000        0x0 binaries/system_core.o
 .debug_macro   0x00000000      0xad2 binaries/system_core.o
 .debug_macro   0x00000000       0x22 binaries/system_core.o
 .debug_macro   0x00000000       0x56 binaries/system_core.o
 .debug_macro   0x00000000       0x51 binaries/system_core.o
 .debug_macro   0x00000000      0x103 binaries/system_core.o
 .debug_macro   0x00000000       0x6a binaries/system_core.o
 .debug_macro   0x00000000      0x1df binaries/system_core.o
 .debug_macro   0x00000000       0x22 binaries/system_core.o
 .debug_macro   0x00000000       0x16 binaries/system_core.o
 .debug_macro   0x00000000     0xb896 binaries/system_core.o
 .debug_macro   0x00000000       0x1c binaries/system_core.o
 .debug_macro   0x00000000       0x22 binaries/system_core.o
 .debug_macro   0x00000000       0xd9 binaries/system_core.o
 .debug_macro   0x00000000     0x102d binaries/system_core.o
 .debug_macro   0x00000000      0x11f binaries/system_core.o
 .comment       0x00000000       0x46 binaries/system_core.o
 .ARM.attributes
                0x00000000       0x34 binaries/system_core.o

Memory Configuration

Name             Origin             Length             Attributes
FLASH            0x08000000         0x00080000         xr
SRAM             0x20000000         0x00018000         xrw
*default*        0x00000000         0xffffffff

Linker script and memory map

LOAD binaries/main.o
LOAD binaries/neo_threads.o
LOAD binaries/startup.o
LOAD binaries/system_core.o
                0x00000400                        __max_heap_size = 0x400
                0x00000200                        __max_stack_size = 0x200

.isr_vector     0x08000000      0x150
                0x08000000                        . = ALIGN (0x4)
 *(.isr_vector)
 .isr_vector    0x08000000      0x150 binaries/startup.o
                0x08000000                vectors
                0x08000150                        . = ALIGN (0x4)

.text           0x08000150      0x3e8
                0x08000150                        . = ALIGN (0x4)
 *(.text)
 .text          0x08000150      0x110 binaries/main.o
                0x08000150                thread_handler
                0x08000168                thread_two_fxn
                0x080001c4                thread_one_fxn
                0x08000220                main
 .text          0x08000260       0xc0 binaries/neo_threads.o
                0x08000260                init_thread
 .text          0x08000320       0xd4 binaries/startup.o
                0x08000320                enable_fpu
                0x08000344                reset_handler
                0x080003c4                system_reset
                0x080003ec                EXTI15_10_handler
                0x080003ec                DMA1_Stream7_handler
                0x080003ec                USART1_handler
                0x080003ec                TIM1_UP_TIM10_handler
                0x080003ec                EXTI0_handler
                0x080003ec                DMA1_Stream1_handler
                0x080003ec                SDIO_handler
                0x080003ec                NMI_handler
                0x080003ec                DMA2_Stream3_handler
                0x080003ec                TIM2_handler
                0x080003ec                USART2_handler
                0x080003ec                PVD_EXTI16_handler
                0x080003ec                SPI3_handler
                0x080003ec                TIM3_handler
                0x080003ec                WWDG_handler
                0x080003ec                default_handler
                0x080003ec                SPI2_handler
                0x080003ec                SVCall_handler
                0x080003ec                DMA2_Stream6_handler
                0x080003ec                DebugMonitor_handler
                0x080003ec                I2C3_ER_handler
                0x080003ec                DMA1_Stream3_handler
                0x080003ec                MemManage_handler
                0x080003ec                EXTI9_5_handler
                0x080003ec                SPI4_handler
                0x080003ec                HardFault_handler
                0x080003ec                DMA1_Stream5_handler
                0x080003ec                FPU_handler
                0x080003ec                DMA2_Stream5_handler
                0x080003ec                RCC_handler
                0x080003ec                EXTI2_handler
                0x080003ec                DMA2_Stream1_handler
                0x080003ec                I2C1_ER_handler
                0x080003ec                I2C2_EV_handler
                0x080003ec                RTC_WKUP_EXTI22_handler
                0x080003ec                EXTI3_handler
                0x080003ec                DMA2_Stream0_handler
                0x080003ec                FLASH_handler
                0x080003ec                TAMP_STAMP_EXTI21_handler
                0x080003ec                OTG_FS_handler
                0x080003ec                DMA1_Stream4_handler
                0x080003ec                I2C2_ER_handler
                0x080003ec                TIM1_BRK_TIM9_handler
                0x080003ec                USART6_handler
                0x080003ec                TIM4_handler
                0x080003ec                DMA1_Stream2_handler
                0x080003ec                EXTI4_handler
                0x080003ec                DMA1_Stream6_handler
                0x080003ec                ADC_handler
                0x080003ec                I2C1_EV_handler
                0x080003ec                SPI1_handler
                0x080003ec                OTG_FS_WKUP_EXTI18_handler
                0x080003ec                DMA2_Stream4_handler
                0x080003ec                PendSV_handler
                0x080003ec                DMA2_Stream7_handler
                0x080003ec                UsageFault_handler
                0x080003ec                DMA1_Stream0_handler
                0x080003ec                DMA2_Stream2_handler
                0x080003ec                EXTI1_handler
                0x080003ec                TIM1_TRG_COM_TIM11_handler
                0x080003ec                TIM5_handler
                0x080003ec                RTC_Alarm_EXTI17_handler
                0x080003ec                I2C3_EV_handler
                0x080003ec                BusFault_handler
                0x080003ec                TIM1_CC_handler
 .text          0x080003f4      0x144 binaries/system_core.o
                0x08000430                SysTick_handler
                0x08000440                get_tick_count
                0x08000468                LED_setup
                0x080004a4                has_time_passed
                0x080004cc                setup_systick
                0x08000530                default_thread_handler
 *(.text*)
 *(.rodata)
 *(.rodata*)
                0x08000538                        . = ALIGN (0x4)
                0x08000538                        _etext = .
                0x08000538                        _sidata = LOADADDR (.data)

.glue_7         0x08000538        0x0
 .glue_7        0x08000538        0x0 linker stubs

.glue_7t        0x08000538        0x0
 .glue_7t       0x08000538        0x0 linker stubs

.vfp11_veneer   0x08000538        0x0
 .vfp11_veneer  0x08000538        0x0 linker stubs

.v4_bx          0x08000538        0x0
 .v4_bx         0x08000538        0x0 linker stubs

.iplt           0x08000538        0x0
 .iplt          0x08000538        0x0 binaries/main.o

.rel.dyn        0x08000538        0x0
 .rel.iplt      0x08000538        0x0 binaries/main.o

.data           0x20000000        0x0 load address 0x08000538
                0x20000000                        . = ALIGN (0x4)
                0x20000000                        _sdata = .
 *(.data)
 *(.data*)
                0x20000000                        . = ALIGN (0x4)
                0x20000000                        _edata = .

.igot.plt       0x20000000        0x0 load address 0x08000538
 .igot.plt      0x20000000        0x0 binaries/main.o

.bss            0x20000000      0x358 load address 0x08000538
                0x20000000                        . = ALIGN (0x4)
                0x20000000                        __bss_start__ = .
 *(.bss)
 .bss           0x20000000      0x339 binaries/main.o
                0x20000008                thread_one
                0x200001a0                thread_two
                0x20000338                has_run
 *fill*         0x20000339        0x3 
 .bss           0x2000033c       0x17 binaries/neo_threads.o
 *fill*         0x20000353        0x1 
 .bss           0x20000354        0x4 binaries/system_core.o
 *(.bss*)
 *(COMMON)
                0x20000358                        . = ALIGN (0x4)
                0x20000358                        __bss_end__ = .

.heap           0x20000358      0x400 load address 0x08000538
                0x20000358                        . = ALIGN (0x8)
                0x20000358                        _heap_start = .
                0x20000758                        . = (. + __max_heap_size)
 *fill*         0x20000358      0x400 
                0x20000758                        . = ALIGN (0x8)
                0x20000758                        _heap_end = .
                0x20000758                        _end = .

.stack          0x20000758      0x200 load address 0x08000538
                0x20000758                        . = ALIGN (0x8)
                0x20000758                        _stack_start = .
                0x20000958                        . = (. + __max_stack_size)
 *fill*         0x20000758      0x200 
                0x20000958                        . = ALIGN (0x8)
                0x20000958                        _stack_end = .

/DISCARD/
 *(.comment)
 *(.ARM.attributes)
 *(.note.GNU-stack)
                0x20018000                        _estack = (ORIGIN (SRAM) + LENGTH (SRAM))
OUTPUT(binaries/output.elf elf32-littlearm)
LOAD linker stubs

.debug_info     0x00000000     0x1003
 .debug_info    0x00000000      0x300 binaries/main.o
 .debug_info    0x00000300      0x1f4 binaries/neo_threads.o
 .debug_info    0x000004f4      0x376 binaries/startup.o
 .debug_info    0x0000086a      0x799 binaries/system_core.o

.debug_abbrev   0x00000000      0x651
 .debug_abbrev  0x00000000      0x1e0 binaries/main.o
 .debug_abbrev  0x000001e0      0x110 binaries/neo_threads.o
 .debug_abbrev  0x000002f0      0x182 binaries/startup.o
 .debug_abbrev  0x00000472      0x1df binaries/system_core.o

.debug_aranges  0x00000000       0x80
 .debug_aranges
                0x00000000       0x20 binaries/main.o
 .debug_aranges
                0x00000020       0x20 binaries/neo_threads.o
 .debug_aranges
                0x00000040       0x20 binaries/startup.o
 .debug_aranges
                0x00000060       0x20 binaries/system_core.o

.debug_macro    0x00000000     0xe78f
 .debug_macro   0x00000000      0x1a7 binaries/main.o
 .debug_macro   0x000001a7      0xad2 binaries/main.o
 .debug_macro   0x00000c79       0x22 binaries/main.o
 .debug_macro   0x00000c9b       0x56 binaries/main.o
 .debug_macro   0x00000cf1       0x51 binaries/main.o
 .debug_macro   0x00000d42      0x103 binaries/main.o
 .debug_macro   0x00000e45       0x6a binaries/main.o
 .debug_macro   0x00000eaf      0x1df binaries/main.o
 .debug_macro   0x0000108e       0x22 binaries/main.o
 .debug_macro   0x000010b0     0xb896 binaries/main.o
 .debug_macro   0x0000c946       0x1c binaries/main.o
 .debug_macro   0x0000c962       0x22 binaries/main.o
 .debug_macro   0x0000c984       0xd9 binaries/main.o
 .debug_macro   0x0000ca5d     0x102d binaries/main.o
 .debug_macro   0x0000da8a      0x11f binaries/main.o
 .debug_macro   0x0000dba9       0x16 binaries/main.o
 .debug_macro   0x0000dbbf       0x2a binaries/main.o
 .debug_macro   0x0000dbe9       0x7b binaries/main.o
 .debug_macro   0x0000dc64       0x3c binaries/main.o
 .debug_macro   0x0000dca0       0x34 binaries/main.o
 .debug_macro   0x0000dcd4       0x16 binaries/main.o
 .debug_macro   0x0000dcea      0x11c binaries/main.o
 .debug_macro   0x0000de06       0x9b binaries/main.o
 .debug_macro   0x0000dea1      0x364 binaries/main.o
 .debug_macro   0x0000e205       0x16 binaries/main.o
 .debug_macro   0x0000e21b       0x4a binaries/main.o
 .debug_macro   0x0000e265       0x34 binaries/main.o
 .debug_macro   0x0000e299       0x10 binaries/main.o
 .debug_macro   0x0000e2a9       0x58 binaries/main.o
 .debug_macro   0x0000e301      0x1e5 binaries/main.o
 .debug_macro   0x0000e4e6       0x22 binaries/main.o
 .debug_macro   0x0000e508       0x91 binaries/neo_threads.o
 .debug_macro   0x0000e599       0xda binaries/startup.o
 .debug_macro   0x0000e673      0x11c binaries/system_core.o

.debug_line     0x00000000      0xe03
 .debug_line    0x00000000      0x41c binaries/main.o
 .debug_line    0x0000041c      0x2bd binaries/neo_threads.o
 .debug_line    0x000006d9      0x384 binaries/startup.o
 .debug_line    0x00000a5d      0x3a6 binaries/system_core.o

.debug_str      0x00000000    0x524a3
 .debug_str     0x00000000    0x524a3 binaries/main.o
                              0x51e1d (size before relaxing)
 .debug_str     0x000524a3     0x3ebd binaries/neo_threads.o
 .debug_str     0x000524a3    0x4ee7d binaries/startup.o
 .debug_str     0x000524a3    0x4f499 binaries/system_core.o

.debug_frame    0x00000000      0x20c
 .debug_frame   0x00000000       0x7c binaries/main.o
 .debug_frame   0x0000007c       0x38 binaries/neo_threads.o
 .debug_frame   0x000000b4       0x70 binaries/startup.o
 .debug_frame   0x00000124       0xe8 binaries/system_core.o
