
Discarded input sections

 .data          0x00000000        0x0 binaries/main.o
 .comment       0x00000000       0x46 binaries/main.o
 .ARM.attributes
                0x00000000       0x34 binaries/main.o
 .comment       0x00000000       0x46 binaries/neo_threads.o
 .ARM.attributes
                0x00000000       0x34 binaries/neo_threads.o
 .data          0x00000000        0x0 binaries/startup.o
 .bss           0x00000000        0x0 binaries/startup.o
 .comment       0x00000000       0x46 binaries/startup.o
 .ARM.attributes
                0x00000000       0x34 binaries/startup.o
 .data          0x00000000        0x0 binaries/system_core.o
 .comment       0x00000000       0x46 binaries/system_core.o
 .ARM.attributes
                0x00000000       0x34 binaries/system_core.o

Memory Configuration

Name             Origin             Length             Attributes
FLASH            0x08000000         0x00080000         xr
SRAM             0x20000000         0x00018000         xrw
*default*        0x00000000         0xffffffff

Linker script and memory map

LOAD binaries/main.o
LOAD binaries/neo_threads.o
LOAD binaries/startup.o
LOAD binaries/system_core.o
                0x00000400                        __max_heap_size = 0x400
                0x00000200                        __max_stack_size = 0x200

.isr_vector     0x08000000      0x150
                0x08000000                        . = ALIGN (0x4)
 *(.isr_vector)
 .isr_vector    0x08000000      0x150 binaries/startup.o
                0x08000000                vectors
                0x08000150                        . = ALIGN (0x4)

.text           0x08000150      0x60c
                0x08000150                        . = ALIGN (0x4)
 *(.text)
 .text          0x08000150       0x8c binaries/main.o
                0x08000150                thread_one_fxn
                0x0800018c                thread_two_fxn
 .text          0x080001dc      0x408 binaries/neo_threads.o
                0x080001dc                idle_thread_function
                0x080001e0                neo_kernel_init
                0x08000264                thread_handler
                0x08000298                PendSV_handler
                0x080002b6                neo_context_switch
                0x080002e4                neo_thread_scheduler
                0x080003a8                neo_thread_init
                0x08000430                neo_thread_start
                0x08000460                neo_thread_start_all_new
                0x08000490                neo_thread_resume
                0x080004c8                neo_thread_pause
                0x08000518                update_sleeping_threads
                0x08000560                neo_thread_sleep
 .text          0x080005e4       0x88 binaries/startup.o
                0x080005e4                EXTI15_10_handler
                0x080005e4                DMA1_Stream7_handler
                0x080005e4                USART1_handler
                0x080005e4                TIM1_UP_TIM10_handler
                0x080005e4                EXTI0_handler
                0x080005e4                DMA1_Stream1_handler
                0x080005e4                SDIO_handler
                0x080005e4                NMI_handler
                0x080005e4                DMA2_Stream3_handler
                0x080005e4                TIM2_handler
                0x080005e4                USART2_handler
                0x080005e4                PVD_EXTI16_handler
                0x080005e4                SPI3_handler
                0x080005e4                TIM3_handler
                0x080005e4                WWDG_handler
                0x080005e4                default_handler
                0x080005e4                SPI2_handler
                0x080005e4                SVCall_handler
                0x080005e4                DMA2_Stream6_handler
                0x080005e4                DebugMonitor_handler
                0x080005e4                I2C3_ER_handler
                0x080005e4                DMA1_Stream3_handler
                0x080005e4                MemManage_handler
                0x080005e4                EXTI9_5_handler
                0x080005e4                SPI4_handler
                0x080005e4                HardFault_handler
                0x080005e4                DMA1_Stream5_handler
                0x080005e4                FPU_handler
                0x080005e4                DMA2_Stream5_handler
                0x080005e4                RCC_handler
                0x080005e4                EXTI2_handler
                0x080005e4                DMA2_Stream1_handler
                0x080005e4                I2C1_ER_handler
                0x080005e4                I2C2_EV_handler
                0x080005e4                RTC_WKUP_EXTI22_handler
                0x080005e4                EXTI3_handler
                0x080005e4                DMA2_Stream0_handler
                0x080005e4                FLASH_handler
                0x080005e4                TAMP_STAMP_EXTI21_handler
                0x080005e4                OTG_FS_handler
                0x080005e4                DMA1_Stream4_handler
                0x080005e4                I2C2_ER_handler
                0x080005e4                TIM1_BRK_TIM9_handler
                0x080005e4                USART6_handler
                0x080005e4                TIM4_handler
                0x080005e4                DMA1_Stream2_handler
                0x080005e4                EXTI4_handler
                0x080005e4                DMA1_Stream6_handler
                0x080005e4                ADC_handler
                0x080005e4                I2C1_EV_handler
                0x080005e4                SPI1_handler
                0x080005e4                OTG_FS_WKUP_EXTI18_handler
                0x080005e4                DMA2_Stream4_handler
                0x080005e4                DMA2_Stream7_handler
                0x080005e4                UsageFault_handler
                0x080005e4                DMA1_Stream0_handler
                0x080005e4                DMA2_Stream2_handler
                0x080005e4                EXTI1_handler
                0x080005e4                TIM1_TRG_COM_TIM11_handler
                0x080005e4                TIM5_handler
                0x080005e4                RTC_Alarm_EXTI17_handler
                0x080005e4                I2C3_EV_handler
                0x080005e4                BusFault_handler
                0x080005e4                TIM1_CC_handler
                0x080005e8                reset_handler
                0x08000634                enable_fpu
                0x08000648                system_reset
 .text          0x0800066c       0xa0 binaries/system_core.o
                0x0800066c                SysTick_handler
                0x0800067c                exit_from_interrupt_
                0x08000680                get_tick_count
                0x08000690                LED_setup
                0x080006b8                has_time_passed
                0x080006cc                setup_systick
                0x08000704                default_thread_handler
 *(.text*)
 .text.startup  0x0800070c       0x50 binaries/main.o
                0x0800070c                main
 *(.rodata)
 *(.rodata*)
                0x0800075c                        . = ALIGN (0x4)
                0x0800075c                        _etext = .
                0x0800075c                        _sidata = LOADADDR (.data)

.glue_7         0x0800075c        0x0
 .glue_7        0x0800075c        0x0 linker stubs

.glue_7t        0x0800075c        0x0
 .glue_7t       0x0800075c        0x0 linker stubs

.vfp11_veneer   0x0800075c        0x0
 .vfp11_veneer  0x0800075c        0x0 linker stubs

.v4_bx          0x0800075c        0x0
 .v4_bx         0x0800075c        0x0 linker stubs

.iplt           0x0800075c        0x0
 .iplt          0x0800075c        0x0 binaries/main.o

.rel.dyn        0x0800075c        0x0
 .rel.iplt      0x0800075c        0x0 binaries/main.o

.data           0x20000000        0x4 load address 0x0800075c
                0x20000000                        . = ALIGN (0x4)
                0x20000000                        _sdata = .
 *(.data)
 .data          0x20000000        0x4 binaries/neo_threads.o
                0x20000000                is_first_time
 *(.data*)
                0x20000004                        . = ALIGN (0x4)
                0x20000004                        _edata = .

.igot.plt       0x20000004        0x0 load address 0x08000760
 .igot.plt      0x20000004        0x0 binaries/main.o

.bss            0x20000004      0x228 load address 0x08000760
                0x20000004                        . = ALIGN (0x4)
                0x20000004                        __bss_start__ = .
 *(.bss)
 .bss           0x20000004      0x14d binaries/main.o
                0x20000004                thread_one_stack
                0x200000a4                thread_one
                0x200000ac                thread_two_stack
                0x2000014c                thread_two
 *fill*         0x20000151        0x3 
 .bss           0x20000154       0xd4 binaries/neo_threads.o
                0x20000154                thread_queue
                0x20000180                idle_thread
                0x20000188                ready_threads_bit_mask
                0x2000018c                idle_thread_stack
                0x200001dc                curr_running_thread_index
                0x200001e0                last_running_thread_index
                0x200001e4                running_threads_bit_mask
                0x200001e8                last_thread_start_tick
                0x200001ec                thread_queue_len
                0x200001f0                new_threads_bit_mask
                0x200001f4                has_threads_started
                0x200001f8                paused_threads_bit_mask
                0x200001fc                sleeping_threads_bit_mask
                0x20000200                thread_sleep_time
 .bss           0x20000228        0x4 binaries/system_core.o
                0x20000228                tick_count
 *(.bss*)
 *(COMMON)
                0x2000022c                        . = ALIGN (0x4)
                0x2000022c                        __bss_end__ = .

.heap           0x2000022c      0x404 load address 0x08000760
                0x20000230                        . = ALIGN (0x8)
 *fill*         0x2000022c        0x4 
                0x20000230                        _heap_start = .
                0x20000630                        . = (. + __max_heap_size)
 *fill*         0x20000230      0x400 
                0x20000630                        . = ALIGN (0x8)
                0x20000630                        _heap_end = .
                0x20000630                        _end = .

.stack          0x20000630      0x200 load address 0x08000760
                0x20000630                        . = ALIGN (0x8)
                0x20000630                        _stack_start = .
                0x20000830                        . = (. + __max_stack_size)
 *fill*         0x20000630      0x200 
                0x20000830                        . = ALIGN (0x8)
                0x20000830                        _stack_end = .

/DISCARD/
 *(.comment)
 *(.ARM.attributes)
 *(.note.GNU-stack)
                0x20018000                        _estack = (ORIGIN (SRAM) + LENGTH (SRAM))
OUTPUT(binaries/output.elf elf32-littlearm)
LOAD linker stubs
