
Discarded input sections

 .data          0x00000000        0x0 binaries/main.o
 .comment       0x00000000       0x46 binaries/main.o
 .ARM.attributes
                0x00000000       0x34 binaries/main.o
 .comment       0x00000000       0x46 binaries/neo_threads.o
 .ARM.attributes
                0x00000000       0x34 binaries/neo_threads.o
 .data          0x00000000        0x0 binaries/startup.o
 .bss           0x00000000        0x0 binaries/startup.o
 .comment       0x00000000       0x46 binaries/startup.o
 .ARM.attributes
                0x00000000       0x34 binaries/startup.o
 .data          0x00000000        0x0 binaries/system_core.o
 .comment       0x00000000       0x46 binaries/system_core.o
 .ARM.attributes
                0x00000000       0x34 binaries/system_core.o

Memory Configuration

Name             Origin             Length             Attributes
FLASH            0x08000000         0x00080000         xr
SRAM             0x20000000         0x00018000         xrw
*default*        0x00000000         0xffffffff

Linker script and memory map

LOAD binaries/main.o
LOAD binaries/neo_threads.o
LOAD binaries/startup.o
LOAD binaries/system_core.o
                0x00000400                        __max_heap_size = 0x400
                0x00000200                        __max_stack_size = 0x200

.isr_vector     0x08000000      0x150
                0x08000000                        . = ALIGN (0x4)
 *(.isr_vector)
 .isr_vector    0x08000000      0x150 binaries/startup.o
                0x08000000                vectors
                0x08000150                        . = ALIGN (0x4)

.text           0x08000150      0x574
                0x08000150                        . = ALIGN (0x4)
 *(.text)
 .text          0x08000150       0xa0 binaries/main.o
                0x08000150                thread_two_fxn
                0x080001a0                thread_one_fxn
 .text          0x080001f0      0x35c binaries/neo_threads.o
                0x080001f0                idle_thread_function
                0x080001f4                neo_kernel_init
                0x0800026c                thread_handler
                0x080002a0                PendSV_handler
                0x080002be                neo_context_switch
                0x080002f2                neo_thread_scheduler
                0x080003a4                neo_thread_init
                0x08000418                neo_thread_start
                0x08000440                neo_thread_start_all_new
                0x08000478                neo_thread_resume
                0x08000494                neo_thread_pause
                0x080004bc                update_sleeping_threads
                0x080004fc                neo_thread_sleep
 .text          0x0800054c       0x88 binaries/startup.o
                0x0800054c                EXTI15_10_handler
                0x0800054c                DMA1_Stream7_handler
                0x0800054c                USART1_handler
                0x0800054c                TIM1_UP_TIM10_handler
                0x0800054c                EXTI0_handler
                0x0800054c                DMA1_Stream1_handler
                0x0800054c                SDIO_handler
                0x0800054c                NMI_handler
                0x0800054c                DMA2_Stream3_handler
                0x0800054c                TIM2_handler
                0x0800054c                USART2_handler
                0x0800054c                PVD_EXTI16_handler
                0x0800054c                SPI3_handler
                0x0800054c                TIM3_handler
                0x0800054c                WWDG_handler
                0x0800054c                default_handler
                0x0800054c                SPI2_handler
                0x0800054c                SVCall_handler
                0x0800054c                DMA2_Stream6_handler
                0x0800054c                DebugMonitor_handler
                0x0800054c                I2C3_ER_handler
                0x0800054c                DMA1_Stream3_handler
                0x0800054c                MemManage_handler
                0x0800054c                EXTI9_5_handler
                0x0800054c                SPI4_handler
                0x0800054c                HardFault_handler
                0x0800054c                DMA1_Stream5_handler
                0x0800054c                FPU_handler
                0x0800054c                DMA2_Stream5_handler
                0x0800054c                RCC_handler
                0x0800054c                EXTI2_handler
                0x0800054c                DMA2_Stream1_handler
                0x0800054c                I2C1_ER_handler
                0x0800054c                I2C2_EV_handler
                0x0800054c                RTC_WKUP_EXTI22_handler
                0x0800054c                EXTI3_handler
                0x0800054c                DMA2_Stream0_handler
                0x0800054c                FLASH_handler
                0x0800054c                TAMP_STAMP_EXTI21_handler
                0x0800054c                OTG_FS_handler
                0x0800054c                DMA1_Stream4_handler
                0x0800054c                I2C2_ER_handler
                0x0800054c                TIM1_BRK_TIM9_handler
                0x0800054c                USART6_handler
                0x0800054c                TIM4_handler
                0x0800054c                DMA1_Stream2_handler
                0x0800054c                EXTI4_handler
                0x0800054c                DMA1_Stream6_handler
                0x0800054c                ADC_handler
                0x0800054c                I2C1_EV_handler
                0x0800054c                SPI1_handler
                0x0800054c                OTG_FS_WKUP_EXTI18_handler
                0x0800054c                DMA2_Stream4_handler
                0x0800054c                DMA2_Stream7_handler
                0x0800054c                UsageFault_handler
                0x0800054c                DMA1_Stream0_handler
                0x0800054c                DMA2_Stream2_handler
                0x0800054c                EXTI1_handler
                0x0800054c                TIM1_TRG_COM_TIM11_handler
                0x0800054c                TIM5_handler
                0x0800054c                RTC_Alarm_EXTI17_handler
                0x0800054c                I2C3_EV_handler
                0x0800054c                BusFault_handler
                0x0800054c                TIM1_CC_handler
                0x08000550                reset_handler
                0x0800059c                enable_fpu
                0x080005b0                system_reset
 .text          0x080005d4       0xa0 binaries/system_core.o
                0x080005d4                SysTick_handler
                0x080005e4                exit_from_interrupt_
                0x080005e8                get_tick_count
                0x080005f8                LED_setup
                0x08000620                has_time_passed
                0x08000634                setup_systick
                0x0800066c                default_thread_handler
 *(.text*)
 .text.startup  0x08000674       0x50 binaries/main.o
                0x08000674                main
 *(.rodata)
 *(.rodata*)
                0x080006c4                        . = ALIGN (0x4)
                0x080006c4                        _etext = .
                0x080006c4                        _sidata = LOADADDR (.data)

.glue_7         0x080006c4        0x0
 .glue_7        0x080006c4        0x0 linker stubs

.glue_7t        0x080006c4        0x0
 .glue_7t       0x080006c4        0x0 linker stubs

.vfp11_veneer   0x080006c4        0x0
 .vfp11_veneer  0x080006c4        0x0 linker stubs

.v4_bx          0x080006c4        0x0
 .v4_bx         0x080006c4        0x0 linker stubs

.iplt           0x080006c4        0x0
 .iplt          0x080006c4        0x0 binaries/main.o

.rel.dyn        0x080006c4        0x0
 .rel.iplt      0x080006c4        0x0 binaries/main.o

.data           0x20000000        0x4 load address 0x080006c4
                0x20000000                        . = ALIGN (0x4)
                0x20000000                        _sdata = .
 *(.data)
 .data          0x20000000        0x4 binaries/neo_threads.o
                0x20000000                is_first_time
 *(.data*)
                0x20000004                        . = ALIGN (0x4)
                0x20000004                        _edata = .

.igot.plt       0x20000004        0x0 load address 0x080006c8
 .igot.plt      0x20000004        0x0 binaries/main.o

.bss            0x20000004      0x1f8 load address 0x080006c8
                0x20000004                        . = ALIGN (0x4)
                0x20000004                        __bss_start__ = .
 *(.bss)
 .bss           0x20000004      0x155 binaries/main.o
                0x20000004                thread_one_stack
                0x200000a4                thread_one
                0x200000b0                thread_two_stack
                0x20000150                thread_two
 *fill*         0x20000159        0x3 
 .bss           0x2000015c       0x9c binaries/neo_threads.o
                0x2000015c                thread_queue
                0x20000188                idle_thread
                0x20000194                idle_thread_stack
                0x200001e4                thread_queue_len
                0x200001e8                curr_running_thread_index
                0x200001ec                last_running_thread_index
                0x200001f0                last_thread_start_tick
                0x200001f4                has_threads_started
 .bss           0x200001f8        0x4 binaries/system_core.o
                0x200001f8                tick_count
 *(.bss*)
 *(COMMON)
                0x200001fc                        . = ALIGN (0x4)
                0x200001fc                        __bss_end__ = .

.heap           0x200001fc      0x404 load address 0x080006c8
                0x20000200                        . = ALIGN (0x8)
 *fill*         0x200001fc        0x4 
                0x20000200                        _heap_start = .
                0x20000600                        . = (. + __max_heap_size)
 *fill*         0x20000200      0x400 
                0x20000600                        . = ALIGN (0x8)
                0x20000600                        _heap_end = .
                0x20000600                        _end = .

.stack          0x20000600      0x200 load address 0x080006c8
                0x20000600                        . = ALIGN (0x8)
                0x20000600                        _stack_start = .
                0x20000800                        . = (. + __max_stack_size)
 *fill*         0x20000600      0x200 
                0x20000800                        . = ALIGN (0x8)
                0x20000800                        _stack_end = .

/DISCARD/
 *(.comment)
 *(.ARM.attributes)
 *(.note.GNU-stack)
                0x20018000                        _estack = (ORIGIN (SRAM) + LENGTH (SRAM))
OUTPUT(binaries/output.elf elf32-littlearm)
LOAD linker stubs
