
Discarded input sections

 .group         0x00000000        0xc binaries/main.o
 .group         0x00000000        0xc binaries/main.o
 .group         0x00000000        0xc binaries/main.o
 .group         0x00000000        0xc binaries/main.o
 .group         0x00000000        0xc binaries/main.o
 .group         0x00000000        0xc binaries/main.o
 .group         0x00000000        0xc binaries/main.o
 .group         0x00000000        0xc binaries/main.o
 .group         0x00000000        0xc binaries/main.o
 .group         0x00000000        0xc binaries/main.o
 .group         0x00000000        0xc binaries/main.o
 .group         0x00000000        0xc binaries/main.o
 .group         0x00000000        0xc binaries/main.o
 .group         0x00000000        0xc binaries/main.o
 .group         0x00000000        0xc binaries/main.o
 .group         0x00000000        0xc binaries/main.o
 .group         0x00000000        0xc binaries/main.o
 .group         0x00000000        0xc binaries/main.o
 .group         0x00000000        0xc binaries/main.o
 .group         0x00000000        0xc binaries/main.o
 .group         0x00000000        0xc binaries/main.o
 .group         0x00000000        0xc binaries/main.o
 .group         0x00000000        0xc binaries/main.o
 .group         0x00000000        0xc binaries/main.o
 .group         0x00000000        0xc binaries/main.o
 .group         0x00000000        0xc binaries/main.o
 .group         0x00000000        0xc binaries/main.o
 .group         0x00000000        0xc binaries/main.o
 .group         0x00000000        0xc binaries/main.o
 .group         0x00000000        0xc binaries/main.o
 .data          0x00000000        0x0 binaries/main.o
 .bss           0x00000000        0x4 binaries/main.o
 .comment       0x00000000       0x46 binaries/main.o
 .ARM.attributes
                0x00000000       0x34 binaries/main.o
 .group         0x00000000        0xc binaries/neo_threads.o
 .group         0x00000000        0xc binaries/neo_threads.o
 .group         0x00000000        0xc binaries/neo_threads.o
 .group         0x00000000        0xc binaries/neo_threads.o
 .group         0x00000000        0xc binaries/neo_threads.o
 .group         0x00000000        0xc binaries/neo_threads.o
 .group         0x00000000        0xc binaries/neo_threads.o
 .group         0x00000000        0xc binaries/neo_threads.o
 .group         0x00000000        0xc binaries/neo_threads.o
 .group         0x00000000        0xc binaries/neo_threads.o
 .group         0x00000000        0xc binaries/neo_threads.o
 .group         0x00000000        0xc binaries/neo_threads.o
 .group         0x00000000        0xc binaries/neo_threads.o
 .group         0x00000000        0xc binaries/neo_threads.o
 .group         0x00000000        0xc binaries/neo_threads.o
 .data          0x00000000        0x0 binaries/neo_threads.o
 .debug_macro   0x00000000      0xad2 binaries/neo_threads.o
 .debug_macro   0x00000000       0x22 binaries/neo_threads.o
 .debug_macro   0x00000000       0x56 binaries/neo_threads.o
 .debug_macro   0x00000000       0x51 binaries/neo_threads.o
 .debug_macro   0x00000000      0x103 binaries/neo_threads.o
 .debug_macro   0x00000000       0x6a binaries/neo_threads.o
 .debug_macro   0x00000000      0x1df binaries/neo_threads.o
 .debug_macro   0x00000000       0x22 binaries/neo_threads.o
 .debug_macro   0x00000000       0x1c binaries/neo_threads.o
 .debug_macro   0x00000000     0xb896 binaries/neo_threads.o
 .debug_macro   0x00000000       0x1c binaries/neo_threads.o
 .debug_macro   0x00000000       0x22 binaries/neo_threads.o
 .debug_macro   0x00000000       0xd9 binaries/neo_threads.o
 .debug_macro   0x00000000     0x102d binaries/neo_threads.o
 .debug_macro   0x00000000      0x11f binaries/neo_threads.o
 .comment       0x00000000       0x46 binaries/neo_threads.o
 .ARM.attributes
                0x00000000       0x34 binaries/neo_threads.o
 .group         0x00000000        0xc binaries/startup.o
 .group         0x00000000        0xc binaries/startup.o
 .group         0x00000000        0xc binaries/startup.o
 .group         0x00000000        0xc binaries/startup.o
 .group         0x00000000        0xc binaries/startup.o
 .group         0x00000000        0xc binaries/startup.o
 .group         0x00000000        0xc binaries/startup.o
 .group         0x00000000        0xc binaries/startup.o
 .group         0x00000000        0xc binaries/startup.o
 .group         0x00000000        0xc binaries/startup.o
 .group         0x00000000        0xc binaries/startup.o
 .group         0x00000000        0xc binaries/startup.o
 .group         0x00000000        0xc binaries/startup.o
 .data          0x00000000        0x0 binaries/startup.o
 .bss           0x00000000        0x0 binaries/startup.o
 .debug_macro   0x00000000      0xad2 binaries/startup.o
 .debug_macro   0x00000000       0x22 binaries/startup.o
 .debug_macro   0x00000000       0x56 binaries/startup.o
 .debug_macro   0x00000000       0x51 binaries/startup.o
 .debug_macro   0x00000000      0x103 binaries/startup.o
 .debug_macro   0x00000000       0x6a binaries/startup.o
 .debug_macro   0x00000000      0x1df binaries/startup.o
 .debug_macro   0x00000000     0xb896 binaries/startup.o
 .debug_macro   0x00000000       0x1c binaries/startup.o
 .debug_macro   0x00000000       0x22 binaries/startup.o
 .debug_macro   0x00000000       0xd9 binaries/startup.o
 .debug_macro   0x00000000     0x102d binaries/startup.o
 .debug_macro   0x00000000      0x11f binaries/startup.o
 .comment       0x00000000       0x46 binaries/startup.o
 .ARM.attributes
                0x00000000       0x34 binaries/startup.o
 .group         0x00000000        0xc binaries/system_core.o
 .group         0x00000000        0xc binaries/system_core.o
 .group         0x00000000        0xc binaries/system_core.o
 .group         0x00000000        0xc binaries/system_core.o
 .group         0x00000000        0xc binaries/system_core.o
 .group         0x00000000        0xc binaries/system_core.o
 .group         0x00000000        0xc binaries/system_core.o
 .group         0x00000000        0xc binaries/system_core.o
 .group         0x00000000        0xc binaries/system_core.o
 .group         0x00000000        0xc binaries/system_core.o
 .group         0x00000000        0xc binaries/system_core.o
 .group         0x00000000        0xc binaries/system_core.o
 .group         0x00000000        0xc binaries/system_core.o
 .group         0x00000000        0xc binaries/system_core.o
 .group         0x00000000        0xc binaries/system_core.o
 .data          0x00000000        0x0 binaries/system_core.o
 .debug_macro   0x00000000      0xad2 binaries/system_core.o
 .debug_macro   0x00000000       0x22 binaries/system_core.o
 .debug_macro   0x00000000       0x56 binaries/system_core.o
 .debug_macro   0x00000000       0x51 binaries/system_core.o
 .debug_macro   0x00000000      0x103 binaries/system_core.o
 .debug_macro   0x00000000       0x6a binaries/system_core.o
 .debug_macro   0x00000000      0x1df binaries/system_core.o
 .debug_macro   0x00000000       0x22 binaries/system_core.o
 .debug_macro   0x00000000     0xb896 binaries/system_core.o
 .debug_macro   0x00000000       0x1c binaries/system_core.o
 .debug_macro   0x00000000       0x22 binaries/system_core.o
 .debug_macro   0x00000000       0xd9 binaries/system_core.o
 .debug_macro   0x00000000     0x102d binaries/system_core.o
 .debug_macro   0x00000000      0x11f binaries/system_core.o
 .comment       0x00000000       0x46 binaries/system_core.o
 .ARM.attributes
                0x00000000       0x34 binaries/system_core.o

Memory Configuration

Name             Origin             Length             Attributes
FLASH            0x08000000         0x00080000         xr
SRAM             0x20000000         0x00018000         xrw
*default*        0x00000000         0xffffffff

Linker script and memory map

LOAD binaries/main.o
LOAD binaries/neo_threads.o
LOAD binaries/startup.o
LOAD binaries/system_core.o
                0x00000400                        __max_heap_size = 0x400
                0x00000200                        __max_stack_size = 0x200

.isr_vector     0x08000000      0x150
                0x08000000                        . = ALIGN (0x4)
 *(.isr_vector)
 .isr_vector    0x08000000      0x150 binaries/startup.o
                0x08000000                vectors
                0x08000150                        . = ALIGN (0x4)

.text           0x08000150      0x328
                0x08000150                        . = ALIGN (0x4)
 *(.text)
 .text          0x08000150       0xd0 binaries/main.o
                0x08000150                thread_two_fxn
                0x080001ac                thread_one_fxn
                0x08000208                main
 .text          0x08000220       0x34 binaries/neo_threads.o
                0x08000220                neo_kernel_init
                0x0800022e                thread_handler
                0x0800024a                neo_thread_scheduler
 .text          0x08000254       0xd4 binaries/startup.o
                0x08000254                enable_fpu
                0x08000278                reset_handler
                0x080002f8                system_reset
                0x08000320                EXTI15_10_handler
                0x08000320                DMA1_Stream7_handler
                0x08000320                USART1_handler
                0x08000320                TIM1_UP_TIM10_handler
                0x08000320                EXTI0_handler
                0x08000320                DMA1_Stream1_handler
                0x08000320                SDIO_handler
                0x08000320                NMI_handler
                0x08000320                DMA2_Stream3_handler
                0x08000320                TIM2_handler
                0x08000320                USART2_handler
                0x08000320                PVD_EXTI16_handler
                0x08000320                SPI3_handler
                0x08000320                TIM3_handler
                0x08000320                WWDG_handler
                0x08000320                default_handler
                0x08000320                SPI2_handler
                0x08000320                SVCall_handler
                0x08000320                DMA2_Stream6_handler
                0x08000320                DebugMonitor_handler
                0x08000320                I2C3_ER_handler
                0x08000320                DMA1_Stream3_handler
                0x08000320                MemManage_handler
                0x08000320                EXTI9_5_handler
                0x08000320                SPI4_handler
                0x08000320                HardFault_handler
                0x08000320                DMA1_Stream5_handler
                0x08000320                FPU_handler
                0x08000320                DMA2_Stream5_handler
                0x08000320                RCC_handler
                0x08000320                EXTI2_handler
                0x08000320                DMA2_Stream1_handler
                0x08000320                I2C1_ER_handler
                0x08000320                I2C2_EV_handler
                0x08000320                RTC_WKUP_EXTI22_handler
                0x08000320                EXTI3_handler
                0x08000320                DMA2_Stream0_handler
                0x08000320                FLASH_handler
                0x08000320                TAMP_STAMP_EXTI21_handler
                0x08000320                OTG_FS_handler
                0x08000320                DMA1_Stream4_handler
                0x08000320                I2C2_ER_handler
                0x08000320                TIM1_BRK_TIM9_handler
                0x08000320                USART6_handler
                0x08000320                TIM4_handler
                0x08000320                DMA1_Stream2_handler
                0x08000320                EXTI4_handler
                0x08000320                DMA1_Stream6_handler
                0x08000320                ADC_handler
                0x08000320                I2C1_EV_handler
                0x08000320                SPI1_handler
                0x08000320                OTG_FS_WKUP_EXTI18_handler
                0x08000320                DMA2_Stream4_handler
                0x08000320                PendSV_handler
                0x08000320                DMA2_Stream7_handler
                0x08000320                UsageFault_handler
                0x08000320                DMA1_Stream0_handler
                0x08000320                DMA2_Stream2_handler
                0x08000320                EXTI1_handler
                0x08000320                TIM1_TRG_COM_TIM11_handler
                0x08000320                TIM5_handler
                0x08000320                RTC_Alarm_EXTI17_handler
                0x08000320                I2C3_EV_handler
                0x08000320                BusFault_handler
                0x08000320                TIM1_CC_handler
 .text          0x08000328      0x150 binaries/system_core.o
                0x08000364                SysTick_handler
                0x08000382                get_tick_count
                0x080003a8                LED_setup
                0x080003e4                has_time_passed
                0x0800040c                setup_systick
                0x08000470                default_thread_handler
 *(.text*)
 *(.rodata)
 *(.rodata*)
                0x08000478                        . = ALIGN (0x4)
                0x08000478                        _etext = .
                0x08000478                        _sidata = LOADADDR (.data)

.glue_7         0x08000478        0x0
 .glue_7        0x08000478        0x0 linker stubs

.glue_7t        0x08000478        0x0
 .glue_7t       0x08000478        0x0 linker stubs

.vfp11_veneer   0x08000478        0x0
 .vfp11_veneer  0x08000478        0x0 linker stubs

.v4_bx          0x08000478        0x0
 .v4_bx         0x08000478        0x0 linker stubs

.iplt           0x08000478        0x0
 .iplt          0x08000478        0x0 binaries/main.o

.rel.dyn        0x08000478        0x0
 .rel.iplt      0x08000478        0x0 binaries/main.o

.data           0x20000000        0x0 load address 0x08000478
                0x20000000                        . = ALIGN (0x4)
                0x20000000                        _sdata = .
 *(.data)
 *(.data*)
                0x20000000                        . = ALIGN (0x4)
                0x20000000                        _edata = .

.igot.plt       0x20000000        0x0 load address 0x08000478
 .igot.plt      0x20000000        0x0 binaries/main.o

.bss            0x20000000        0xc load address 0x08000478
                0x20000000                        . = ALIGN (0x4)
                0x20000000                        __bss_start__ = .
 *(.bss)
 .bss           0x20000000        0x8 binaries/neo_threads.o
                0x20000004                last_thread_start_tick
 .bss           0x20000008        0x4 binaries/system_core.o
 *(.bss*)
 *(COMMON)
                0x2000000c                        . = ALIGN (0x4)
                0x2000000c                        __bss_end__ = .

.heap           0x2000000c      0x404 load address 0x08000478
                0x20000010                        . = ALIGN (0x8)
 *fill*         0x2000000c        0x4 
                0x20000010                        _heap_start = .
                0x20000410                        . = (. + __max_heap_size)
 *fill*         0x20000010      0x400 
                0x20000410                        . = ALIGN (0x8)
                0x20000410                        _heap_end = .
                0x20000410                        _end = .

.stack          0x20000410      0x200 load address 0x08000478
                0x20000410                        . = ALIGN (0x8)
                0x20000410                        _stack_start = .
                0x20000610                        . = (. + __max_stack_size)
 *fill*         0x20000410      0x200 
                0x20000610                        . = ALIGN (0x8)
                0x20000610                        _stack_end = .

/DISCARD/
 *(.comment)
 *(.ARM.attributes)
 *(.note.GNU-stack)
                0x20018000                        _estack = (ORIGIN (SRAM) + LENGTH (SRAM))
OUTPUT(binaries/output.elf elf32-littlearm)
LOAD linker stubs

.debug_info     0x00000000      0xe34
 .debug_info    0x00000000      0x21b binaries/main.o
 .debug_info    0x0000021b       0xf6 binaries/neo_threads.o
 .debug_info    0x00000311      0x376 binaries/startup.o
 .debug_info    0x00000687      0x7ad binaries/system_core.o

.debug_abbrev   0x00000000      0x58b
 .debug_abbrev  0x00000000      0x159 binaries/main.o
 .debug_abbrev  0x00000159       0xb6 binaries/neo_threads.o
 .debug_abbrev  0x0000020f      0x182 binaries/startup.o
 .debug_abbrev  0x00000391      0x1fa binaries/system_core.o

.debug_aranges  0x00000000       0x80
 .debug_aranges
                0x00000000       0x20 binaries/main.o
 .debug_aranges
                0x00000020       0x20 binaries/neo_threads.o
 .debug_aranges
                0x00000040       0x20 binaries/startup.o
 .debug_aranges
                0x00000060       0x20 binaries/system_core.o

.debug_macro    0x00000000     0xe80c
 .debug_macro   0x00000000      0x1b5 binaries/main.o
 .debug_macro   0x000001b5      0xad2 binaries/main.o
 .debug_macro   0x00000c87       0x22 binaries/main.o
 .debug_macro   0x00000ca9       0x56 binaries/main.o
 .debug_macro   0x00000cff       0x51 binaries/main.o
 .debug_macro   0x00000d50      0x103 binaries/main.o
 .debug_macro   0x00000e53       0x6a binaries/main.o
 .debug_macro   0x00000ebd      0x1df binaries/main.o
 .debug_macro   0x0000109c       0x22 binaries/main.o
 .debug_macro   0x000010be     0xb896 binaries/main.o
 .debug_macro   0x0000c954       0x1c binaries/main.o
 .debug_macro   0x0000c970       0x22 binaries/main.o
 .debug_macro   0x0000c992       0xd9 binaries/main.o
 .debug_macro   0x0000ca6b     0x102d binaries/main.o
 .debug_macro   0x0000da98      0x11f binaries/main.o
 .debug_macro   0x0000dbb7       0x1c binaries/main.o
 .debug_macro   0x0000dbd3       0x2a binaries/main.o
 .debug_macro   0x0000dbfd       0x7b binaries/main.o
 .debug_macro   0x0000dc78       0x3c binaries/main.o
 .debug_macro   0x0000dcb4       0x34 binaries/main.o
 .debug_macro   0x0000dce8       0x16 binaries/main.o
 .debug_macro   0x0000dcfe      0x11c binaries/main.o
 .debug_macro   0x0000de1a       0x9b binaries/main.o
 .debug_macro   0x0000deb5      0x364 binaries/main.o
 .debug_macro   0x0000e219       0x16 binaries/main.o
 .debug_macro   0x0000e22f       0x4a binaries/main.o
 .debug_macro   0x0000e279       0x34 binaries/main.o
 .debug_macro   0x0000e2ad       0x10 binaries/main.o
 .debug_macro   0x0000e2bd       0x58 binaries/main.o
 .debug_macro   0x0000e315      0x1e5 binaries/main.o
 .debug_macro   0x0000e4fa       0x22 binaries/main.o
 .debug_macro   0x0000e51c       0xde binaries/neo_threads.o
 .debug_macro   0x0000e5fa       0xda binaries/startup.o
 .debug_macro   0x0000e6d4      0x122 binaries/system_core.o
 .debug_macro   0x0000e7f6       0x16 binaries/system_core.o

.debug_line     0x00000000      0xe7d
 .debug_line    0x00000000      0x412 binaries/main.o
 .debug_line    0x00000412      0x32d binaries/neo_threads.o
 .debug_line    0x0000073f      0x384 binaries/startup.o
 .debug_line    0x00000ac3      0x3ba binaries/system_core.o

.debug_str      0x00000000    0x523fc
 .debug_str     0x00000000    0x523fc binaries/main.o
                              0x51dc4 (size before relaxing)
 .debug_str     0x000523fc    0x4ee4f binaries/neo_threads.o
 .debug_str     0x000523fc    0x4ee7d binaries/startup.o
 .debug_str     0x000523fc    0x4f4a8 binaries/system_core.o

.debug_frame    0x00000000      0x210
 .debug_frame   0x00000000       0x6c binaries/main.o
 .debug_frame   0x0000006c       0x4c binaries/neo_threads.o
 .debug_frame   0x000000b8       0x70 binaries/startup.o
 .debug_frame   0x00000128       0xe8 binaries/system_core.o
