
Discarded input sections

 .group         0x00000000        0xc binaries/main.o
 .group         0x00000000        0xc binaries/main.o
 .group         0x00000000        0xc binaries/main.o
 .group         0x00000000        0xc binaries/main.o
 .group         0x00000000        0xc binaries/main.o
 .group         0x00000000        0xc binaries/main.o
 .group         0x00000000        0xc binaries/main.o
 .group         0x00000000        0xc binaries/main.o
 .group         0x00000000        0xc binaries/main.o
 .group         0x00000000        0xc binaries/main.o
 .group         0x00000000        0xc binaries/main.o
 .group         0x00000000        0xc binaries/main.o
 .group         0x00000000        0xc binaries/main.o
 .group         0x00000000        0xc binaries/main.o
 .group         0x00000000        0xc binaries/main.o
 .group         0x00000000        0xc binaries/main.o
 .group         0x00000000        0xc binaries/main.o
 .group         0x00000000        0xc binaries/main.o
 .group         0x00000000        0xc binaries/main.o
 .group         0x00000000        0xc binaries/main.o
 .group         0x00000000        0xc binaries/main.o
 .group         0x00000000        0xc binaries/main.o
 .group         0x00000000        0xc binaries/main.o
 .group         0x00000000        0xc binaries/main.o
 .group         0x00000000        0xc binaries/main.o
 .group         0x00000000        0xc binaries/main.o
 .group         0x00000000        0xc binaries/main.o
 .group         0x00000000        0xc binaries/main.o
 .group         0x00000000        0xc binaries/main.o
 .group         0x00000000        0xc binaries/main.o
 .data          0x00000000        0x0 binaries/main.o
 .bss           0x00000000        0x4 binaries/main.o
 .comment       0x00000000       0x46 binaries/main.o
 .ARM.attributes
                0x00000000       0x34 binaries/main.o
 .group         0x00000000        0xc binaries/neo_threads.o
 .group         0x00000000        0xc binaries/neo_threads.o
 .group         0x00000000        0xc binaries/neo_threads.o
 .group         0x00000000        0xc binaries/neo_threads.o
 .group         0x00000000        0xc binaries/neo_threads.o
 .group         0x00000000        0xc binaries/neo_threads.o
 .group         0x00000000        0xc binaries/neo_threads.o
 .group         0x00000000        0xc binaries/neo_threads.o
 .group         0x00000000        0xc binaries/neo_threads.o
 .group         0x00000000        0xc binaries/neo_threads.o
 .group         0x00000000        0xc binaries/neo_threads.o
 .group         0x00000000        0xc binaries/neo_threads.o
 .group         0x00000000        0xc binaries/neo_threads.o
 .group         0x00000000        0xc binaries/neo_threads.o
 .group         0x00000000        0xc binaries/neo_threads.o
 .debug_macro   0x00000000      0xad2 binaries/neo_threads.o
 .debug_macro   0x00000000       0x22 binaries/neo_threads.o
 .debug_macro   0x00000000       0x56 binaries/neo_threads.o
 .debug_macro   0x00000000       0x51 binaries/neo_threads.o
 .debug_macro   0x00000000      0x103 binaries/neo_threads.o
 .debug_macro   0x00000000       0x6a binaries/neo_threads.o
 .debug_macro   0x00000000      0x1df binaries/neo_threads.o
 .debug_macro   0x00000000       0x22 binaries/neo_threads.o
 .debug_macro   0x00000000       0x1c binaries/neo_threads.o
 .debug_macro   0x00000000     0xb896 binaries/neo_threads.o
 .debug_macro   0x00000000       0x1c binaries/neo_threads.o
 .debug_macro   0x00000000       0x22 binaries/neo_threads.o
 .debug_macro   0x00000000       0xd9 binaries/neo_threads.o
 .debug_macro   0x00000000     0x102d binaries/neo_threads.o
 .debug_macro   0x00000000      0x11f binaries/neo_threads.o
 .comment       0x00000000       0x46 binaries/neo_threads.o
 .ARM.attributes
                0x00000000       0x34 binaries/neo_threads.o
 .group         0x00000000        0xc binaries/startup.o
 .group         0x00000000        0xc binaries/startup.o
 .group         0x00000000        0xc binaries/startup.o
 .group         0x00000000        0xc binaries/startup.o
 .group         0x00000000        0xc binaries/startup.o
 .group         0x00000000        0xc binaries/startup.o
 .group         0x00000000        0xc binaries/startup.o
 .group         0x00000000        0xc binaries/startup.o
 .group         0x00000000        0xc binaries/startup.o
 .group         0x00000000        0xc binaries/startup.o
 .group         0x00000000        0xc binaries/startup.o
 .group         0x00000000        0xc binaries/startup.o
 .group         0x00000000        0xc binaries/startup.o
 .data          0x00000000        0x0 binaries/startup.o
 .bss           0x00000000        0x0 binaries/startup.o
 .debug_macro   0x00000000      0xad2 binaries/startup.o
 .debug_macro   0x00000000       0x22 binaries/startup.o
 .debug_macro   0x00000000       0x56 binaries/startup.o
 .debug_macro   0x00000000       0x51 binaries/startup.o
 .debug_macro   0x00000000      0x103 binaries/startup.o
 .debug_macro   0x00000000       0x6a binaries/startup.o
 .debug_macro   0x00000000      0x1df binaries/startup.o
 .debug_macro   0x00000000     0xb896 binaries/startup.o
 .debug_macro   0x00000000       0x1c binaries/startup.o
 .debug_macro   0x00000000       0x22 binaries/startup.o
 .debug_macro   0x00000000       0xd9 binaries/startup.o
 .debug_macro   0x00000000     0x102d binaries/startup.o
 .debug_macro   0x00000000      0x11f binaries/startup.o
 .comment       0x00000000       0x46 binaries/startup.o
 .ARM.attributes
                0x00000000       0x34 binaries/startup.o
 .group         0x00000000        0xc binaries/system_core.o
 .group         0x00000000        0xc binaries/system_core.o
 .group         0x00000000        0xc binaries/system_core.o
 .group         0x00000000        0xc binaries/system_core.o
 .group         0x00000000        0xc binaries/system_core.o
 .group         0x00000000        0xc binaries/system_core.o
 .group         0x00000000        0xc binaries/system_core.o
 .group         0x00000000        0xc binaries/system_core.o
 .group         0x00000000        0xc binaries/system_core.o
 .group         0x00000000        0xc binaries/system_core.o
 .group         0x00000000        0xc binaries/system_core.o
 .group         0x00000000        0xc binaries/system_core.o
 .group         0x00000000        0xc binaries/system_core.o
 .group         0x00000000        0xc binaries/system_core.o
 .group         0x00000000        0xc binaries/system_core.o
 .data          0x00000000        0x0 binaries/system_core.o
 .debug_macro   0x00000000      0xad2 binaries/system_core.o
 .debug_macro   0x00000000       0x22 binaries/system_core.o
 .debug_macro   0x00000000       0x56 binaries/system_core.o
 .debug_macro   0x00000000       0x51 binaries/system_core.o
 .debug_macro   0x00000000      0x103 binaries/system_core.o
 .debug_macro   0x00000000       0x6a binaries/system_core.o
 .debug_macro   0x00000000      0x1df binaries/system_core.o
 .debug_macro   0x00000000       0x22 binaries/system_core.o
 .debug_macro   0x00000000     0xb896 binaries/system_core.o
 .debug_macro   0x00000000       0x1c binaries/system_core.o
 .debug_macro   0x00000000       0x22 binaries/system_core.o
 .debug_macro   0x00000000       0xd9 binaries/system_core.o
 .debug_macro   0x00000000     0x102d binaries/system_core.o
 .debug_macro   0x00000000      0x11f binaries/system_core.o
 .comment       0x00000000       0x46 binaries/system_core.o
 .ARM.attributes
                0x00000000       0x34 binaries/system_core.o

Memory Configuration

Name             Origin             Length             Attributes
FLASH            0x08000000         0x00080000         xr
SRAM             0x20000000         0x00018000         xrw
*default*        0x00000000         0xffffffff

Linker script and memory map

LOAD binaries/main.o
LOAD binaries/neo_threads.o
LOAD binaries/startup.o
LOAD binaries/system_core.o
                0x00000400                        __max_heap_size = 0x400
                0x00000200                        __max_stack_size = 0x200

.isr_vector     0x08000000      0x150
                0x08000000                        . = ALIGN (0x4)
 *(.isr_vector)
 .isr_vector    0x08000000      0x150 binaries/startup.o
                0x08000000                vectors
                0x08000150                        . = ALIGN (0x4)

.text           0x08000150      0x378
                0x08000150                        . = ALIGN (0x4)
 *(.text)
 .text          0x08000150       0xd0 binaries/main.o
                0x08000150                thread_two_fxn
                0x080001ac                thread_one_fxn
                0x08000208                main
 .text          0x08000220       0x84 binaries/neo_threads.o
                0x08000220                neo_kernel_init
                0x0800022e                thread_handler
                0x0800024e                neo_thread_scheduler
 .text          0x080002a4       0xd4 binaries/startup.o
                0x080002a4                enable_fpu
                0x080002c8                reset_handler
                0x08000348                system_reset
                0x08000370                EXTI15_10_handler
                0x08000370                DMA1_Stream7_handler
                0x08000370                USART1_handler
                0x08000370                TIM1_UP_TIM10_handler
                0x08000370                EXTI0_handler
                0x08000370                DMA1_Stream1_handler
                0x08000370                SDIO_handler
                0x08000370                NMI_handler
                0x08000370                DMA2_Stream3_handler
                0x08000370                TIM2_handler
                0x08000370                USART2_handler
                0x08000370                PVD_EXTI16_handler
                0x08000370                SPI3_handler
                0x08000370                TIM3_handler
                0x08000370                WWDG_handler
                0x08000370                default_handler
                0x08000370                SPI2_handler
                0x08000370                SVCall_handler
                0x08000370                DMA2_Stream6_handler
                0x08000370                DebugMonitor_handler
                0x08000370                I2C3_ER_handler
                0x08000370                DMA1_Stream3_handler
                0x08000370                MemManage_handler
                0x08000370                EXTI9_5_handler
                0x08000370                SPI4_handler
                0x08000370                HardFault_handler
                0x08000370                DMA1_Stream5_handler
                0x08000370                FPU_handler
                0x08000370                DMA2_Stream5_handler
                0x08000370                RCC_handler
                0x08000370                EXTI2_handler
                0x08000370                DMA2_Stream1_handler
                0x08000370                I2C1_ER_handler
                0x08000370                I2C2_EV_handler
                0x08000370                RTC_WKUP_EXTI22_handler
                0x08000370                EXTI3_handler
                0x08000370                DMA2_Stream0_handler
                0x08000370                FLASH_handler
                0x08000370                TAMP_STAMP_EXTI21_handler
                0x08000370                OTG_FS_handler
                0x08000370                DMA1_Stream4_handler
                0x08000370                I2C2_ER_handler
                0x08000370                TIM1_BRK_TIM9_handler
                0x08000370                USART6_handler
                0x08000370                TIM4_handler
                0x08000370                DMA1_Stream2_handler
                0x08000370                EXTI4_handler
                0x08000370                DMA1_Stream6_handler
                0x08000370                ADC_handler
                0x08000370                I2C1_EV_handler
                0x08000370                SPI1_handler
                0x08000370                OTG_FS_WKUP_EXTI18_handler
                0x08000370                DMA2_Stream4_handler
                0x08000370                PendSV_handler
                0x08000370                DMA2_Stream7_handler
                0x08000370                UsageFault_handler
                0x08000370                DMA1_Stream0_handler
                0x08000370                DMA2_Stream2_handler
                0x08000370                EXTI1_handler
                0x08000370                TIM1_TRG_COM_TIM11_handler
                0x08000370                TIM5_handler
                0x08000370                RTC_Alarm_EXTI17_handler
                0x08000370                I2C3_EV_handler
                0x08000370                BusFault_handler
                0x08000370                TIM1_CC_handler
 .text          0x08000378      0x150 binaries/system_core.o
                0x080003b4                SysTick_handler
                0x080003d0                get_tick_count
                0x080003f8                LED_setup
                0x08000434                has_time_passed
                0x0800045c                setup_systick
                0x080004c0                default_thread_handler
 *(.text*)
 *(.rodata)
 *(.rodata*)
                0x080004c8                        . = ALIGN (0x4)
                0x080004c8                        _etext = .
                0x080004c8                        _sidata = LOADADDR (.data)

.glue_7         0x080004c8        0x0
 .glue_7        0x080004c8        0x0 linker stubs

.glue_7t        0x080004c8        0x0
 .glue_7t       0x080004c8        0x0 linker stubs

.vfp11_veneer   0x080004c8        0x0
 .vfp11_veneer  0x080004c8        0x0 linker stubs

.v4_bx          0x080004c8        0x0
 .v4_bx         0x080004c8        0x0 linker stubs

.iplt           0x080004c8        0x0
 .iplt          0x080004c8        0x0 binaries/main.o

.rel.dyn        0x080004c8        0x0
 .rel.iplt      0x080004c8        0x0 binaries/main.o

.data           0x20000000        0x4 load address 0x080004c8
                0x20000000                        . = ALIGN (0x4)
                0x20000000                        _sdata = .
 *(.data)
 .data          0x20000000        0x1 binaries/neo_threads.o
                0x20000000                thread_queue_len
 *(.data*)
                0x20000004                        . = ALIGN (0x4)
 *fill*         0x20000001        0x3 
                0x20000004                        _edata = .

.igot.plt       0x20000004        0x0 load address 0x080004cc
 .igot.plt      0x20000004        0x0 binaries/main.o

.bss            0x20000004       0x38 load address 0x080004cc
                0x20000004                        . = ALIGN (0x4)
                0x20000004                        __bss_start__ = .
 *(.bss)
 .bss           0x20000004       0x34 binaries/neo_threads.o
                0x20000008                last_thread_start_tick
                0x2000000c                curr_running_thread_index
 .bss           0x20000038        0x4 binaries/system_core.o
 *(.bss*)
 *(COMMON)
                0x2000003c                        . = ALIGN (0x4)
                0x2000003c                        __bss_end__ = .

.heap           0x2000003c      0x404 load address 0x080004cc
                0x20000040                        . = ALIGN (0x8)
 *fill*         0x2000003c        0x4 
                0x20000040                        _heap_start = .
                0x20000440                        . = (. + __max_heap_size)
 *fill*         0x20000040      0x400 
                0x20000440                        . = ALIGN (0x8)
                0x20000440                        _heap_end = .
                0x20000440                        _end = .

.stack          0x20000440      0x200 load address 0x080004cc
                0x20000440                        . = ALIGN (0x8)
                0x20000440                        _stack_start = .
                0x20000640                        . = (. + __max_stack_size)
 *fill*         0x20000440      0x200 
                0x20000640                        . = ALIGN (0x8)
                0x20000640                        _stack_end = .

/DISCARD/
 *(.comment)
 *(.ARM.attributes)
 *(.note.GNU-stack)
                0x20018000                        _estack = (ORIGIN (SRAM) + LENGTH (SRAM))
OUTPUT(binaries/output.elf elf32-littlearm)
LOAD linker stubs

.debug_info     0x00000000      0xede
 .debug_info    0x00000000      0x21b binaries/main.o
 .debug_info    0x0000021b      0x1b4 binaries/neo_threads.o
 .debug_info    0x000003cf      0x376 binaries/startup.o
 .debug_info    0x00000745      0x799 binaries/system_core.o

.debug_abbrev   0x00000000      0x5ed
 .debug_abbrev  0x00000000      0x159 binaries/main.o
 .debug_abbrev  0x00000159      0x133 binaries/neo_threads.o
 .debug_abbrev  0x0000028c      0x182 binaries/startup.o
 .debug_abbrev  0x0000040e      0x1df binaries/system_core.o

.debug_aranges  0x00000000       0x80
 .debug_aranges
                0x00000000       0x20 binaries/main.o
 .debug_aranges
                0x00000020       0x20 binaries/neo_threads.o
 .debug_aranges
                0x00000040       0x20 binaries/startup.o
 .debug_aranges
                0x00000060       0x20 binaries/system_core.o

.debug_macro    0x00000000     0xe812
 .debug_macro   0x00000000      0x1b5 binaries/main.o
 .debug_macro   0x000001b5      0xad2 binaries/main.o
 .debug_macro   0x00000c87       0x22 binaries/main.o
 .debug_macro   0x00000ca9       0x56 binaries/main.o
 .debug_macro   0x00000cff       0x51 binaries/main.o
 .debug_macro   0x00000d50      0x103 binaries/main.o
 .debug_macro   0x00000e53       0x6a binaries/main.o
 .debug_macro   0x00000ebd      0x1df binaries/main.o
 .debug_macro   0x0000109c       0x22 binaries/main.o
 .debug_macro   0x000010be     0xb896 binaries/main.o
 .debug_macro   0x0000c954       0x1c binaries/main.o
 .debug_macro   0x0000c970       0x22 binaries/main.o
 .debug_macro   0x0000c992       0xd9 binaries/main.o
 .debug_macro   0x0000ca6b     0x102d binaries/main.o
 .debug_macro   0x0000da98      0x11f binaries/main.o
 .debug_macro   0x0000dbb7       0x1c binaries/main.o
 .debug_macro   0x0000dbd3       0x2a binaries/main.o
 .debug_macro   0x0000dbfd       0x7b binaries/main.o
 .debug_macro   0x0000dc78       0x3c binaries/main.o
 .debug_macro   0x0000dcb4       0x34 binaries/main.o
 .debug_macro   0x0000dce8       0x16 binaries/main.o
 .debug_macro   0x0000dcfe      0x11c binaries/main.o
 .debug_macro   0x0000de1a       0x9b binaries/main.o
 .debug_macro   0x0000deb5      0x364 binaries/main.o
 .debug_macro   0x0000e219       0x16 binaries/main.o
 .debug_macro   0x0000e22f       0x4a binaries/main.o
 .debug_macro   0x0000e279       0x34 binaries/main.o
 .debug_macro   0x0000e2ad       0x10 binaries/main.o
 .debug_macro   0x0000e2bd       0x58 binaries/main.o
 .debug_macro   0x0000e315      0x1e5 binaries/main.o
 .debug_macro   0x0000e4fa       0x22 binaries/main.o
 .debug_macro   0x0000e51c       0xe4 binaries/neo_threads.o
 .debug_macro   0x0000e600       0xda binaries/startup.o
 .debug_macro   0x0000e6da      0x122 binaries/system_core.o
 .debug_macro   0x0000e7fc       0x16 binaries/system_core.o

.debug_line     0x00000000      0xead
 .debug_line    0x00000000      0x412 binaries/main.o
 .debug_line    0x00000412      0x36d binaries/neo_threads.o
 .debug_line    0x0000077f      0x384 binaries/startup.o
 .debug_line    0x00000b03      0x3aa binaries/system_core.o

.debug_str      0x00000000    0x5245c
 .debug_str     0x00000000    0x5245c binaries/main.o
                              0x51dc4 (size before relaxing)
 .debug_str     0x0005245c    0x4eedc binaries/neo_threads.o
 .debug_str     0x0005245c    0x4ee7d binaries/startup.o
 .debug_str     0x0005245c    0x4f4a8 binaries/system_core.o

.debug_frame    0x00000000      0x210
 .debug_frame   0x00000000       0x6c binaries/main.o
 .debug_frame   0x0000006c       0x4c binaries/neo_threads.o
 .debug_frame   0x000000b8       0x70 binaries/startup.o
 .debug_frame   0x00000128       0xe8 binaries/system_core.o
